// Jest Snapshot v1, https://goo.gl/fbAQLP

exports[`free agency page renders successfully 1`] = `
Object {
  "asFragment": [Function],
  "baseElement": <body>
    <div>
      <div
        class="py-4 container"
      >
        <h2
          class="page-title"
        >
          Free Agents
        </h2>
        <div
          class="g-4 row row-cols-1 row-cols-md-2 row-cols-lg-4"
        >
          <div
            class="col"
          >
            <div
              class="h-100 free-agent-card card"
            >
              <div
                class="free-agent-card-header card-header"
              >
                <span
                  class="free-agent-card-title"
                >
                  QB
                </span>
                <button
                  aria-label="Expand QB"
                  class="free-agent-card-toggle btn btn-link"
                  tabindex="-1"
                />
              </div>
            </div>
          </div>
          <div
            class="col"
          >
            <div
              class="h-100 free-agent-card card"
            >
              <div
                class="free-agent-card-header card-header"
              >
                <span
                  class="free-agent-card-title"
                >
                  RB
                </span>
                <button
                  aria-label="Expand RB"
                  class="free-agent-card-toggle btn btn-link"
                  tabindex="-1"
                />
              </div>
            </div>
          </div>
          <div
            class="col"
          >
            <div
              class="h-100 free-agent-card card"
            >
              <div
                class="free-agent-card-header card-header"
              >
                <span
                  class="free-agent-card-title"
                >
                  WR
                </span>
                <button
                  aria-label="Expand WR"
                  class="free-agent-card-toggle btn btn-link"
                  tabindex="-1"
                />
              </div>
            </div>
          </div>
          <div
            class="col"
          >
            <div
              class="h-100 free-agent-card card"
            >
              <div
                class="free-agent-card-header card-header"
              >
                <span
                  class="free-agent-card-title"
                >
                  TE
                </span>
                <button
                  aria-label="Expand TE"
                  class="free-agent-card-toggle btn btn-link"
                  tabindex="-1"
                />
              </div>
            </div>
          </div>
        </div>
      </div>
    </div>
  </body>,
  "container": <div>
    <div
      class="py-4 container"
    >
      <h2
        class="page-title"
      >
        Free Agents
      </h2>
      <div
        class="g-4 row row-cols-1 row-cols-md-2 row-cols-lg-4"
      >
        <div
          class="col"
        >
          <div
            class="h-100 free-agent-card card"
          >
            <div
              class="free-agent-card-header card-header"
            >
              <span
                class="free-agent-card-title"
              >
                QB
              </span>
              <button
                aria-label="Expand QB"
                class="free-agent-card-toggle btn btn-link"
                tabindex="-1"
              />
            </div>
          </div>
        </div>
        <div
          class="col"
        >
          <div
            class="h-100 free-agent-card card"
          >
            <div
              class="free-agent-card-header card-header"
            >
              <span
                class="free-agent-card-title"
              >
                RB
              </span>
              <button
                aria-label="Expand RB"
                class="free-agent-card-toggle btn btn-link"
                tabindex="-1"
              />
            </div>
          </div>
        </div>
        <div
          class="col"
        >
          <div
            class="h-100 free-agent-card card"
          >
            <div
              class="free-agent-card-header card-header"
            >
              <span
                class="free-agent-card-title"
              >
                WR
              </span>
              <button
                aria-label="Expand WR"
                class="free-agent-card-toggle btn btn-link"
                tabindex="-1"
              />
            </div>
          </div>
        </div>
        <div
          class="col"
        >
          <div
            class="h-100 free-agent-card card"
          >
            <div
              class="free-agent-card-header card-header"
            >
              <span
                class="free-agent-card-title"
              >
                TE
              </span>
              <button
                aria-label="Expand TE"
                class="free-agent-card-toggle btn btn-link"
                tabindex="-1"
              />
            </div>
          </div>
        </div>
      </div>
    </div>
  </div>,
  "debug": [Function],
  "findAllByAltText": [Function],
  "findAllByDisplayValue": [Function],
  "findAllByLabelText": [Function],
  "findAllByPlaceholderText": [Function],
  "findAllByRole": [Function],
  "findAllByTestId": [Function],
  "findAllByText": [Function],
  "findAllByTitle": [Function],
  "findByAltText": [Function],
  "findByDisplayValue": [Function],
  "findByLabelText": [Function],
  "findByPlaceholderText": [Function],
  "findByRole": [Function],
  "findByTestId": [Function],
  "findByText": [Function],
  "findByTitle": [Function],
  "getAllByAltText": [Function],
  "getAllByDisplayValue": [Function],
  "getAllByLabelText": [Function],
  "getAllByPlaceholderText": [Function],
  "getAllByRole": [Function],
  "getAllByTestId": [Function],
  "getAllByText": [Function],
  "getAllByTitle": [Function],
  "getByAltText": [Function],
  "getByDisplayValue": [Function],
  "getByLabelText": [Function],
  "getByPlaceholderText": [Function],
  "getByRole": [Function],
  "getByTestId": [Function],
  "getByText": [Function],
  "getByTitle": [Function],
  "queryAllByAltText": [Function],
  "queryAllByDisplayValue": [Function],
  "queryAllByLabelText": [Function],
  "queryAllByPlaceholderText": [Function],
  "queryAllByRole": [Function],
  "queryAllByTestId": [Function],
  "queryAllByText": [Function],
  "queryAllByTitle": [Function],
  "queryByAltText": [Function],
  "queryByDisplayValue": [Function],
  "queryByLabelText": [Function],
  "queryByPlaceholderText": [Function],
  "queryByRole": [Function],
  "queryByTestId": [Function],
  "queryByText": [Function],
  "queryByTitle": [Function],
  "rerender": [Function],
  "unmount": [Function],
}
`;
