// Jest Snapshot v1, https://goo.gl/fbAQLP

exports[`draft day page renders successfully 1`] = `
Object {
  "asFragment": [Function],
  "baseElement": <body>
    <div>
      <div
        class="py-4 container"
      >
        <h1
          class="page-title"
        >
          Draft Day Info
        </h1>
        <div
          class="mb-4 row"
        >
          <div
            class="col-md-4"
          >
            <div
              class="draftday-info-card card"
            >
              <div
                class="card-body"
              >
                <h5
                  class="section-title"
                >
                  Total Pot
                </h5>
                <span
                  class="draftday-info-value"
                >
                  $
                  100
                </span>
              </div>
            </div>
          </div>
          <div
            class="col-md-4"
          >
            <div
              class="draftday-info-card card"
            >
              <div
                class="card-body"
              >
                <h5
                  class="section-title"
                >
                  Payout Per Owner
                </h5>
                <span
                  class="draftday-info-value"
                >
                  $
                  11
                </span>
              </div>
            </div>
          </div>
          <div
            class="col-md-4"
          >
            <div
              class="draftday-info-card card"
            >
              <div
                class="card-body"
              >
                <h5
                  class="section-title"
                >
                  2026
                   Base Cap
                </h5>
                <span
                  class="draftday-info-value"
                >
                  $
                  416
                </span>
              </div>
            </div>
          </div>
        </div>
        <div
          class="row"
        >
          <div
            class="col-md-6"
          >
            <div
              class="draftday-tax-card card"
            >
              <div
                class="card-body"
              >
                <h5
                  class="section-title"
                >
                  Under Tax
                </h5>
                <ul
                  class="draftday-owner-list"
                >
                  <li
                    class="draftday-owner"
                  >
                    Christian
                  </li>
                  <li
                    class="draftday-owner"
                  >
                    Brent
                  </li>
                  <li
                    class="draftday-owner"
                  >
                    Matt
                  </li>
                  <li
                    class="draftday-owner"
                  >
                    Casey
                  </li>
                </ul>
              </div>
            </div>
          </div>
          <div
            class="col-md-6"
          >
            <div
              class="draftday-tax-card card"
            >
              <div
                class="card-body"
              >
                <h5
                  class="section-title"
                >
                  Over Tax
                </h5>
                <ul
                  class="draftday-owner-list"
                >
                  <li
                    class="draftday-owner"
                  >
                    Jeff
                    <span
                      class="ms-2 badge bg-danger"
                    >
                      $
                      5
                    </span>
                  </li>
                  <li
                    class="draftday-owner"
                  >
                    Kevin
                    <span
                      class="ms-2 badge bg-danger"
                    >
                      $
                      34
                    </span>
                  </li>
                  <li
                    class="draftday-owner"
                  >
                    Nikos
                    <span
                      class="ms-2 badge bg-danger"
                    >
                      $
                      22
                    </span>
                  </li>
                  <li
                    class="draftday-owner"
                  >
                    Justin
                    <span
                      class="ms-2 badge bg-danger"
                    >
                      $
                      21
                    </span>
                  </li>
                  <li
                    class="draftday-owner"
                  >
                    Luigi
                    <span
                      class="ms-2 badge bg-danger"
                    >
                      $
                      64
                    </span>
                  </li>
                  <li
                    class="draftday-owner"
                  >
                    Alex
                    <span
                      class="ms-2 badge bg-danger"
                    >
                      $
                      47
                    </span>
                  </li>
                  <li
                    class="draftday-owner"
                  >
                    Patrick
                    <span
                      class="ms-2 badge bg-danger"
                    >
                      $
                      67
                    </span>
                  </li>
                  <li
                    class="draftday-owner"
                  >
                    Michael
                    <span
                      class="ms-2 badge bg-danger"
                    >
                      $
                      25
                    </span>
                  </li>
                </ul>
              </div>
            </div>
          </div>
        </div>
      </div>
    </div>
  </body>,
  "container": <div>
    <div
      class="py-4 container"
    >
      <h1
        class="page-title"
      >
        Draft Day Info
      </h1>
      <div
        class="mb-4 row"
      >
        <div
          class="col-md-4"
        >
          <div
            class="draftday-info-card card"
          >
            <div
              class="card-body"
            >
              <h5
                class="section-title"
              >
                Total Pot
              </h5>
              <span
                class="draftday-info-value"
              >
                $
                100
              </span>
            </div>
          </div>
        </div>
        <div
          class="col-md-4"
        >
          <div
            class="draftday-info-card card"
          >
            <div
              class="card-body"
            >
              <h5
                class="section-title"
              >
                Payout Per Owner
              </h5>
              <span
                class="draftday-info-value"
              >
                $
                11
              </span>
            </div>
          </div>
        </div>
        <div
          class="col-md-4"
        >
          <div
            class="draftday-info-card card"
          >
            <div
              class="card-body"
            >
              <h5
                class="section-title"
              >
                2026
                 Base Cap
              </h5>
              <span
                class="draftday-info-value"
              >
                $
                416
              </span>
            </div>
          </div>
        </div>
      </div>
      <div
        class="row"
      >
        <div
          class="col-md-6"
        >
          <div
            class="draftday-tax-card card"
          >
            <div
              class="card-body"
            >
              <h5
                class="section-title"
              >
                Under Tax
              </h5>
              <ul
                class="draftday-owner-list"
              >
                <li
                  class="draftday-owner"
                >
                  Christian
                </li>
                <li
                  class="draftday-owner"
                >
                  Brent
                </li>
                <li
                  class="draftday-owner"
                >
                  Matt
                </li>
                <li
                  class="draftday-owner"
                >
                  Casey
                </li>
              </ul>
            </div>
          </div>
        </div>
        <div
          class="col-md-6"
        >
          <div
            class="draftday-tax-card card"
          >
            <div
              class="card-body"
            >
              <h5
                class="section-title"
              >
                Over Tax
              </h5>
              <ul
                class="draftday-owner-list"
              >
                <li
                  class="draftday-owner"
                >
                  Jeff
                  <span
                    class="ms-2 badge bg-danger"
                  >
                    $
                    5
                  </span>
                </li>
                <li
                  class="draftday-owner"
                >
                  Kevin
                  <span
                    class="ms-2 badge bg-danger"
                  >
                    $
                    34
                  </span>
                </li>
                <li
                  class="draftday-owner"
                >
                  Nikos
                  <span
                    class="ms-2 badge bg-danger"
                  >
                    $
                    22
                  </span>
                </li>
                <li
                  class="draftday-owner"
                >
                  Justin
                  <span
                    class="ms-2 badge bg-danger"
                  >
                    $
                    21
                  </span>
                </li>
                <li
                  class="draftday-owner"
                >
                  Luigi
                  <span
                    class="ms-2 badge bg-danger"
                  >
                    $
                    64
                  </span>
                </li>
                <li
                  class="draftday-owner"
                >
                  Alex
                  <span
                    class="ms-2 badge bg-danger"
                  >
                    $
                    47
                  </span>
                </li>
                <li
                  class="draftday-owner"
                >
                  Patrick
                  <span
                    class="ms-2 badge bg-danger"
                  >
                    $
                    67
                  </span>
                </li>
                <li
                  class="draftday-owner"
                >
                  Michael
                  <span
                    class="ms-2 badge bg-danger"
                  >
                    $
                    25
                  </span>
                </li>
              </ul>
            </div>
          </div>
        </div>
      </div>
    </div>
  </div>,
  "debug": [Function],
  "findAllByAltText": [Function],
  "findAllByDisplayValue": [Function],
  "findAllByLabelText": [Function],
  "findAllByPlaceholderText": [Function],
  "findAllByRole": [Function],
  "findAllByTestId": [Function],
  "findAllByText": [Function],
  "findAllByTitle": [Function],
  "findByAltText": [Function],
  "findByDisplayValue": [Function],
  "findByLabelText": [Function],
  "findByPlaceholderText": [Function],
  "findByRole": [Function],
  "findByTestId": [Function],
  "findByText": [Function],
  "findByTitle": [Function],
  "getAllByAltText": [Function],
  "getAllByDisplayValue": [Function],
  "getAllByLabelText": [Function],
  "getAllByPlaceholderText": [Function],
  "getAllByRole": [Function],
  "getAllByTestId": [Function],
  "getAllByText": [Function],
  "getAllByTitle": [Function],
  "getByAltText": [Function],
  "getByDisplayValue": [Function],
  "getByLabelText": [Function],
  "getByPlaceholderText": [Function],
  "getByRole": [Function],
  "getByTestId": [Function],
  "getByText": [Function],
  "getByTitle": [Function],
  "queryAllByAltText": [Function],
  "queryAllByDisplayValue": [Function],
  "queryAllByLabelText": [Function],
  "queryAllByPlaceholderText": [Function],
  "queryAllByRole": [Function],
  "queryAllByTestId": [Function],
  "queryAllByText": [Function],
  "queryAllByTitle": [Function],
  "queryByAltText": [Function],
  "queryByDisplayValue": [Function],
  "queryByLabelText": [Function],
  "queryByPlaceholderText": [Function],
  "queryByRole": [Function],
  "queryByTestId": [Function],
  "queryByText": [Function],
  "queryByTitle": [Function],
  "rerender": [Function],
  "unmount": [Function],
}
`;
