// Jest Snapshot v1, https://goo.gl/fbAQLP

exports[`roster data table renders successfully 1`] = `
Object {
  "asFragment": [Function],
  "baseElement": <body>
    <div>
      <div
        class="table-responsive"
      >
        <table
          class="table table-md table-borderless table-hover"
        >
          <thead
            class="thead-light"
          >
            <tr>
              <th>
                Position
              </th>
              <th>
                Player
              </th>
              <th>
                Price
              </th>
              <th>
                Keep
              </th>
              <th>
                Keep Class
              </th>
            </tr>
          </thead>
          <tbody>
            <tr
              class="player-table-odd"
            >
              <td>
                WR
              </td>
              <td>
                 
                AJ Brown
                 
              </td>
              <td>
                <span
                  class="previousValue"
                >
                   
                  61
                </span>
                 
                50
              </td>
              <td>
                <input
                  checked=""
                  class="form-check-input"
                  id="aj_brown"
                  title="AJ Brown"
                  type="checkbox"
                />
              </td>
              <td>
                Franchise Tag
              </td>
            </tr>
            <tr
              class="player-table-even"
            >
              <td>
                WR
              </td>
              <td>
                 
                CeeDee Lamb
                 
              </td>
              <td>
                 
                56
              </td>
              <td>
                <input
                  checked=""
                  class="form-check-input"
                  id="ceedee_lamb"
                  title="CeeDee Lamb"
                  type="checkbox"
                />
              </td>
              <td />
            </tr>
            <tr
              class="player-table-odd"
            >
              <td>
                QB
              </td>
              <td>
                 
                Jalen Hurts
                 
              </td>
              <td>
                 
                37
              </td>
              <td>
                <input
                  checked=""
                  class="form-check-input"
                  id="jalen_hurts"
                  title="Jalen Hurts"
                  type="checkbox"
                />
              </td>
              <td />
            </tr>
            <tr
              class="player-table-even"
            >
              <td>
                WR
              </td>
              <td>
                 
                Chris Olave
                 
              </td>
              <td>
                 
                62
              </td>
              <td>
                <input
                  class="form-check-input"
                  id="chris_olave"
                  title="Chris Olave"
                  type="checkbox"
                />
              </td>
              <td />
            </tr>
            <tr
              class="player-table-odd"
            >
              <td>
                RB
              </td>
              <td>
                 
                Najee Harris
                 
              </td>
              <td>
                 
                76
              </td>
              <td>
                <input
                  checked=""
                  class="form-check-input"
                  disabled=""
                  id="najee_harris"
                  title="Najee Harris"
                  type="checkbox"
                />
              </td>
              <td>
                Supermax
                <span>
                   
                  Y
                  3
                  /
                  5
                </span>
              </td>
            </tr>
          </tbody>
        </table>
      </div>
    </div>
  </body>,
  "container": <div>
    <div
      class="table-responsive"
    >
      <table
        class="table table-md table-borderless table-hover"
      >
        <thead
          class="thead-light"
        >
          <tr>
            <th>
              Position
            </th>
            <th>
              Player
            </th>
            <th>
              Price
            </th>
            <th>
              Keep
            </th>
            <th>
              Keep Class
            </th>
          </tr>
        </thead>
        <tbody>
          <tr
            class="player-table-odd"
          >
            <td>
              WR
            </td>
            <td>
               
              AJ Brown
               
            </td>
            <td>
              <span
                class="previousValue"
              >
                 
                61
              </span>
               
              50
            </td>
            <td>
              <input
                checked=""
                class="form-check-input"
                id="aj_brown"
                title="AJ Brown"
                type="checkbox"
              />
            </td>
            <td>
              Franchise Tag
            </td>
          </tr>
          <tr
            class="player-table-even"
          >
            <td>
              WR
            </td>
            <td>
               
              CeeDee Lamb
               
            </td>
            <td>
               
              56
            </td>
            <td>
              <input
                checked=""
                class="form-check-input"
                id="ceedee_lamb"
                title="CeeDee Lamb"
                type="checkbox"
              />
            </td>
            <td />
          </tr>
          <tr
            class="player-table-odd"
          >
            <td>
              QB
            </td>
            <td>
               
              Jalen Hurts
               
            </td>
            <td>
               
              37
            </td>
            <td>
              <input
                checked=""
                class="form-check-input"
                id="jalen_hurts"
                title="Jalen Hurts"
                type="checkbox"
              />
            </td>
            <td />
          </tr>
          <tr
            class="player-table-even"
          >
            <td>
              WR
            </td>
            <td>
               
              Chris Olave
               
            </td>
            <td>
               
              62
            </td>
            <td>
              <input
                class="form-check-input"
                id="chris_olave"
                title="Chris Olave"
                type="checkbox"
              />
            </td>
            <td />
          </tr>
          <tr
            class="player-table-odd"
          >
            <td>
              RB
            </td>
            <td>
               
              Najee Harris
               
            </td>
            <td>
               
              76
            </td>
            <td>
              <input
                checked=""
                class="form-check-input"
                disabled=""
                id="najee_harris"
                title="Najee Harris"
                type="checkbox"
              />
            </td>
            <td>
              Supermax
              <span>
                 
                Y
                3
                /
                5
              </span>
            </td>
          </tr>
        </tbody>
      </table>
    </div>
  </div>,
  "debug": [Function],
  "findAllByAltText": [Function],
  "findAllByDisplayValue": [Function],
  "findAllByLabelText": [Function],
  "findAllByPlaceholderText": [Function],
  "findAllByRole": [Function],
  "findAllByTestId": [Function],
  "findAllByText": [Function],
  "findAllByTitle": [Function],
  "findByAltText": [Function],
  "findByDisplayValue": [Function],
  "findByLabelText": [Function],
  "findByPlaceholderText": [Function],
  "findByRole": [Function],
  "findByTestId": [Function],
  "findByText": [Function],
  "findByTitle": [Function],
  "getAllByAltText": [Function],
  "getAllByDisplayValue": [Function],
  "getAllByLabelText": [Function],
  "getAllByPlaceholderText": [Function],
  "getAllByRole": [Function],
  "getAllByTestId": [Function],
  "getAllByText": [Function],
  "getAllByTitle": [Function],
  "getByAltText": [Function],
  "getByDisplayValue": [Function],
  "getByLabelText": [Function],
  "getByPlaceholderText": [Function],
  "getByRole": [Function],
  "getByTestId": [Function],
  "getByText": [Function],
  "getByTitle": [Function],
  "queryAllByAltText": [Function],
  "queryAllByDisplayValue": [Function],
  "queryAllByLabelText": [Function],
  "queryAllByPlaceholderText": [Function],
  "queryAllByRole": [Function],
  "queryAllByTestId": [Function],
  "queryAllByText": [Function],
  "queryAllByTitle": [Function],
  "queryByAltText": [Function],
  "queryByDisplayValue": [Function],
  "queryByLabelText": [Function],
  "queryByPlaceholderText": [Function],
  "queryByRole": [Function],
  "queryByTestId": [Function],
  "queryByText": [Function],
  "queryByTitle": [Function],
  "rerender": [Function],
  "unmount": [Function],
}
`;
