// Jest Snapshot v1, https://goo.gl/fbAQLP

exports[`franchise tag page renders successfully 1`] = `
Object {
  "asFragment": [Function],
  "baseElement": <body>
    <div>
      <div>
        <h2
          class="text-center"
        >
           Franchise Tag Prices 
        </h2>
        <div
          class="row row-cols-2 row-cols-md-4"
        >
          <div
            class="col"
          >
            <div
              class="d-flex-1"
            >
              <h3>
                QB
                 price: $
                75
              </h3>
              <div
                class="table-responsive"
              >
                <table
                  class="table table-sm table-borderless table-striped table-hover"
                >
                  <thead>
                    <tr>
                      <th>
                        Kept Player
                      </th>
                      <th>
                        Original Price
                      </th>
                    </tr>
                  </thead>
                  <tbody>
                    <tr>
                      <td
                        class=""
                        style="color: rgb(248, 248, 242); background-color: rgb(109, 114, 139);"
                      >
                        Jayden Daniels
                      </td>
                      <td
                        class=""
                        style="color: rgb(248, 248, 242); background-color: rgb(109, 114, 139);"
                      >
                        67
                      </td>
                    </tr>
                    <tr>
                      <td
                        class=""
                        style="color: rgb(248, 248, 242); background-color: rgb(109, 114, 139);"
                      >
                        Jalen Hurts
                      </td>
                      <td
                        class=""
                        style="color: rgb(248, 248, 242); background-color: rgb(109, 114, 139);"
                      >
                        37
                      </td>
                    </tr>
                    <tr>
                      <td
                        class=""
                        style="color: rgb(248, 248, 242); background-color: rgb(109, 114, 139);"
                      >
                        Kyler Murray
                      </td>
                      <td
                        class=""
                        style="color: rgb(248, 248, 242); background-color: rgb(109, 114, 139);"
                      >
                        37
                      </td>
                    </tr>
                    <tr>
                      <td
                        class=""
                        style="color: rgb(248, 248, 242); background-color: rgb(109, 114, 139);"
                      >
                        Lamar Jackson
                      </td>
                      <td
                        class=""
                        style="color: rgb(248, 248, 242); background-color: rgb(109, 114, 139);"
                      >
                        37
                      </td>
                    </tr>
                    <tr>
                      <td
                        class=""
                        style="color: rgb(248, 248, 242); background-color: rgb(109, 114, 139);"
                      >
                        Patrick Mahomes
                      </td>
                      <td
                        class=""
                        style="color: rgb(248, 248, 242); background-color: rgb(109, 114, 139);"
                      >
                        37
                      </td>
                    </tr>
                  </tbody>
                </table>
              </div>
            </div>
          </div>
          <div
            class="col"
          >
            <div
              class="d-flex-1"
            >
              <h3>
                RB
                 price: $
                75
              </h3>
              <div
                class="table-responsive"
              >
                <table
                  class="table table-sm table-borderless table-striped table-hover"
                >
                  <thead>
                    <tr>
                      <th>
                        Kept Player
                      </th>
                      <th>
                        Original Price
                      </th>
                    </tr>
                  </thead>
                  <tbody>
                    <tr>
                      <td
                        class=""
                        style="color: rgb(248, 248, 242); background-color: rgb(109, 114, 139);"
                      >
                        Bijan Robinson
                      </td>
                      <td
                        class=""
                        style="color: rgb(248, 248, 242); background-color: rgb(109, 114, 139);"
                      >
                        121
                      </td>
                    </tr>
                    <tr>
                      <td
                        class=""
                        style="color: rgb(248, 248, 242); background-color: rgb(109, 114, 139);"
                      >
                        Saquon Barkley
                      </td>
                      <td
                        class=""
                        style="color: rgb(248, 248, 242); background-color: rgb(109, 114, 139);"
                      >
                        100
                      </td>
                    </tr>
                    <tr>
                      <td
                        class=""
                        style="color: rgb(248, 248, 242); background-color: rgb(109, 114, 139);"
                      >
                        Jahmyr Gibbs
                      </td>
                      <td
                        class=""
                        style="color: rgb(248, 248, 242); background-color: rgb(109, 114, 139);"
                      >
                        98
                      </td>
                    </tr>
                    <tr>
                      <td
                        class=""
                        style="color: rgb(248, 248, 242); background-color: rgb(109, 114, 139);"
                      >
                        Josh Jacobs
                      </td>
                      <td
                        class=""
                        style="color: rgb(248, 248, 242); background-color: rgb(109, 114, 139);"
                      >
                        81
                      </td>
                    </tr>
                    <tr>
                      <td
                        class=""
                        style="color: rgb(248, 248, 242); background-color: rgb(109, 114, 139);"
                      >
                        Derrick Henry
                      </td>
                      <td
                        class=""
                        style="color: rgb(248, 248, 242); background-color: rgb(109, 114, 139);"
                      >
                        79
                      </td>
                    </tr>
                    <tr>
                      <td
                        class="fw-bold"
                        style="color: rgb(248, 248, 242); background-color: rgb(109, 114, 139);"
                      >
                        Najee Harris
                      </td>
                      <td
                        class="fw-bold"
                        style="color: rgb(248, 248, 242); background-color: rgb(109, 114, 139);"
                      >
                        76
                      </td>
                    </tr>
                  </tbody>
                </table>
              </div>
            </div>
          </div>
          <div
            class="d-flex-1"
          >
            <h3>
              WR
               price: $
              75
            </h3>
            <div
              class="table-responsive"
            >
              <table
                class="table table-sm table-borderless table-striped table-hover"
              >
                <thead>
                  <tr>
                    <th>
                      Kept Player
                    </th>
                    <th>
                      Original Price
                    </th>
                  </tr>
                </thead>
                <tbody>
                  <tr>
                    <td
                      class=""
                      style="color: rgb(248, 248, 242); background-color: rgb(109, 114, 139);"
                    >
                      Drake London
                    </td>
                    <td
                      class=""
                      style="color: rgb(248, 248, 242); background-color: rgb(109, 114, 139);"
                    >
                      64
                    </td>
                  </tr>
                  <tr>
                    <td
                      class=""
                      style="color: rgb(248, 248, 242); background-color: rgb(109, 114, 139);"
                    >
                      AJ Brown
                    </td>
                    <td
                      class=""
                      style="color: rgb(248, 248, 242); background-color: rgb(109, 114, 139);"
                    >
                      61
                    </td>
                  </tr>
                  <tr>
                    <td
                      class=""
                      style="color: rgb(248, 248, 242); background-color: rgb(109, 114, 139);"
                    >
                      CeeDee Lamb
                    </td>
                    <td
                      class=""
                      style="color: rgb(248, 248, 242); background-color: rgb(109, 114, 139);"
                    >
                      56
                    </td>
                  </tr>
                  <tr>
                    <td
                      class=""
                      style="color: rgb(248, 248, 242); background-color: rgb(109, 114, 139);"
                    >
                      Tyreek Hill
                    </td>
                    <td
                      class=""
                      style="color: rgb(248, 248, 242); background-color: rgb(109, 114, 139);"
                    >
                      56
                    </td>
                  </tr>
                  <tr>
                    <td
                      class=""
                      style="color: rgb(248, 248, 242); background-color: rgb(109, 114, 139);"
                    >
                      Jamarr Chase
                    </td>
                    <td
                      class=""
                      style="color: rgb(248, 248, 242); background-color: rgb(109, 114, 139);"
                    >
                      52
                    </td>
                  </tr>
                  <tr>
                    <td
                      class=""
                      style="color: rgb(248, 248, 242); background-color: rgb(109, 114, 139);"
                    >
                      Malik Nabers
                    </td>
                    <td
                      class=""
                      style="color: rgb(248, 248, 242); background-color: rgb(109, 114, 139);"
                    >
                      51
                    </td>
                  </tr>
                  <tr>
                    <td
                      class=""
                      style="color: rgb(248, 248, 242); background-color: rgb(109, 114, 139);"
                    >
                      Jalen Coker
                    </td>
                    <td
                      class=""
                      style="color: rgb(248, 248, 242); background-color: rgb(109, 114, 139);"
                    >
                      10
                    </td>
                  </tr>
                </tbody>
              </table>
            </div>
          </div>
          <div
            class="col"
          >
            <div
              class="d-flex-1"
            >
              <h3>
                TE
                 price: $
                75
              </h3>
              <div
                class="table-responsive"
              >
                <table
                  class="table table-sm table-borderless table-striped table-hover"
                >
                  <thead>
                    <tr>
                      <th>
                        Kept Player
                      </th>
                      <th>
                        Original Price
                      </th>
                    </tr>
                  </thead>
                  <tbody>
                    <tr>
                      <td
                        class=""
                        style="color: rgb(248, 248, 242); background-color: rgb(109, 114, 139);"
                      >
                        Brock Bowers
                      </td>
                      <td
                        class=""
                        style="color: rgb(248, 248, 242); background-color: rgb(109, 114, 139);"
                      >
                        37
                      </td>
                    </tr>
                    <tr>
                      <td
                        class=""
                        style="color: rgb(248, 248, 242); background-color: rgb(109, 114, 139);"
                      >
                        Sam Laporta
                      </td>
                      <td
                        class=""
                        style="color: rgb(248, 248, 242); background-color: rgb(109, 114, 139);"
                      >
                        12
                      </td>
                    </tr>
                  </tbody>
                </table>
              </div>
            </div>
          </div>
        </div>
      </div>
    </div>
  </body>,
  "container": <div>
    <div>
      <h2
        class="text-center"
      >
         Franchise Tag Prices 
      </h2>
      <div
        class="row row-cols-2 row-cols-md-4"
      >
        <div
          class="col"
        >
          <div
            class="d-flex-1"
          >
            <h3>
              QB
               price: $
              75
            </h3>
            <div
              class="table-responsive"
            >
              <table
                class="table table-sm table-borderless table-striped table-hover"
              >
                <thead>
                  <tr>
                    <th>
                      Kept Player
                    </th>
                    <th>
                      Original Price
                    </th>
                  </tr>
                </thead>
                <tbody>
                  <tr>
                    <td
                      class=""
                      style="color: rgb(248, 248, 242); background-color: rgb(109, 114, 139);"
                    >
                      Jayden Daniels
                    </td>
                    <td
                      class=""
                      style="color: rgb(248, 248, 242); background-color: rgb(109, 114, 139);"
                    >
                      67
                    </td>
                  </tr>
                  <tr>
                    <td
                      class=""
                      style="color: rgb(248, 248, 242); background-color: rgb(109, 114, 139);"
                    >
                      Jalen Hurts
                    </td>
                    <td
                      class=""
                      style="color: rgb(248, 248, 242); background-color: rgb(109, 114, 139);"
                    >
                      37
                    </td>
                  </tr>
                  <tr>
                    <td
                      class=""
                      style="color: rgb(248, 248, 242); background-color: rgb(109, 114, 139);"
                    >
                      Kyler Murray
                    </td>
                    <td
                      class=""
                      style="color: rgb(248, 248, 242); background-color: rgb(109, 114, 139);"
                    >
                      37
                    </td>
                  </tr>
                  <tr>
                    <td
                      class=""
                      style="color: rgb(248, 248, 242); background-color: rgb(109, 114, 139);"
                    >
                      Lamar Jackson
                    </td>
                    <td
                      class=""
                      style="color: rgb(248, 248, 242); background-color: rgb(109, 114, 139);"
                    >
                      37
                    </td>
                  </tr>
                  <tr>
                    <td
                      class=""
                      style="color: rgb(248, 248, 242); background-color: rgb(109, 114, 139);"
                    >
                      Patrick Mahomes
                    </td>
                    <td
                      class=""
                      style="color: rgb(248, 248, 242); background-color: rgb(109, 114, 139);"
                    >
                      37
                    </td>
                  </tr>
                </tbody>
              </table>
            </div>
          </div>
        </div>
        <div
          class="col"
        >
          <div
            class="d-flex-1"
          >
            <h3>
              RB
               price: $
              75
            </h3>
            <div
              class="table-responsive"
            >
              <table
                class="table table-sm table-borderless table-striped table-hover"
              >
                <thead>
                  <tr>
                    <th>
                      Kept Player
                    </th>
                    <th>
                      Original Price
                    </th>
                  </tr>
                </thead>
                <tbody>
                  <tr>
                    <td
                      class=""
                      style="color: rgb(248, 248, 242); background-color: rgb(109, 114, 139);"
                    >
                      Bijan Robinson
                    </td>
                    <td
                      class=""
                      style="color: rgb(248, 248, 242); background-color: rgb(109, 114, 139);"
                    >
                      121
                    </td>
                  </tr>
                  <tr>
                    <td
                      class=""
                      style="color: rgb(248, 248, 242); background-color: rgb(109, 114, 139);"
                    >
                      Saquon Barkley
                    </td>
                    <td
                      class=""
                      style="color: rgb(248, 248, 242); background-color: rgb(109, 114, 139);"
                    >
                      100
                    </td>
                  </tr>
                  <tr>
                    <td
                      class=""
                      style="color: rgb(248, 248, 242); background-color: rgb(109, 114, 139);"
                    >
                      Jahmyr Gibbs
                    </td>
                    <td
                      class=""
                      style="color: rgb(248, 248, 242); background-color: rgb(109, 114, 139);"
                    >
                      98
                    </td>
                  </tr>
                  <tr>
                    <td
                      class=""
                      style="color: rgb(248, 248, 242); background-color: rgb(109, 114, 139);"
                    >
                      Josh Jacobs
                    </td>
                    <td
                      class=""
                      style="color: rgb(248, 248, 242); background-color: rgb(109, 114, 139);"
                    >
                      81
                    </td>
                  </tr>
                  <tr>
                    <td
                      class=""
                      style="color: rgb(248, 248, 242); background-color: rgb(109, 114, 139);"
                    >
                      Derrick Henry
                    </td>
                    <td
                      class=""
                      style="color: rgb(248, 248, 242); background-color: rgb(109, 114, 139);"
                    >
                      79
                    </td>
                  </tr>
                  <tr>
                    <td
                      class="fw-bold"
                      style="color: rgb(248, 248, 242); background-color: rgb(109, 114, 139);"
                    >
                      Najee Harris
                    </td>
                    <td
                      class="fw-bold"
                      style="color: rgb(248, 248, 242); background-color: rgb(109, 114, 139);"
                    >
                      76
                    </td>
                  </tr>
                </tbody>
              </table>
            </div>
          </div>
        </div>
        <div
          class="d-flex-1"
        >
          <h3>
            WR
             price: $
            75
          </h3>
          <div
            class="table-responsive"
          >
            <table
              class="table table-sm table-borderless table-striped table-hover"
            >
              <thead>
                <tr>
                  <th>
                    Kept Player
                  </th>
                  <th>
                    Original Price
                  </th>
                </tr>
              </thead>
              <tbody>
                <tr>
                  <td
                    class=""
                    style="color: rgb(248, 248, 242); background-color: rgb(109, 114, 139);"
                  >
                    Drake London
                  </td>
                  <td
                    class=""
                    style="color: rgb(248, 248, 242); background-color: rgb(109, 114, 139);"
                  >
                    64
                  </td>
                </tr>
                <tr>
                  <td
                    class=""
                    style="color: rgb(248, 248, 242); background-color: rgb(109, 114, 139);"
                  >
                    AJ Brown
                  </td>
                  <td
                    class=""
                    style="color: rgb(248, 248, 242); background-color: rgb(109, 114, 139);"
                  >
                    61
                  </td>
                </tr>
                <tr>
                  <td
                    class=""
                    style="color: rgb(248, 248, 242); background-color: rgb(109, 114, 139);"
                  >
                    CeeDee Lamb
                  </td>
                  <td
                    class=""
                    style="color: rgb(248, 248, 242); background-color: rgb(109, 114, 139);"
                  >
                    56
                  </td>
                </tr>
                <tr>
                  <td
                    class=""
                    style="color: rgb(248, 248, 242); background-color: rgb(109, 114, 139);"
                  >
                    Tyreek Hill
                  </td>
                  <td
                    class=""
                    style="color: rgb(248, 248, 242); background-color: rgb(109, 114, 139);"
                  >
                    56
                  </td>
                </tr>
                <tr>
                  <td
                    class=""
                    style="color: rgb(248, 248, 242); background-color: rgb(109, 114, 139);"
                  >
                    Jamarr Chase
                  </td>
                  <td
                    class=""
                    style="color: rgb(248, 248, 242); background-color: rgb(109, 114, 139);"
                  >
                    52
                  </td>
                </tr>
                <tr>
                  <td
                    class=""
                    style="color: rgb(248, 248, 242); background-color: rgb(109, 114, 139);"
                  >
                    Malik Nabers
                  </td>
                  <td
                    class=""
                    style="color: rgb(248, 248, 242); background-color: rgb(109, 114, 139);"
                  >
                    51
                  </td>
                </tr>
                <tr>
                  <td
                    class=""
                    style="color: rgb(248, 248, 242); background-color: rgb(109, 114, 139);"
                  >
                    Jalen Coker
                  </td>
                  <td
                    class=""
                    style="color: rgb(248, 248, 242); background-color: rgb(109, 114, 139);"
                  >
                    10
                  </td>
                </tr>
              </tbody>
            </table>
          </div>
        </div>
        <div
          class="col"
        >
          <div
            class="d-flex-1"
          >
            <h3>
              TE
               price: $
              75
            </h3>
            <div
              class="table-responsive"
            >
              <table
                class="table table-sm table-borderless table-striped table-hover"
              >
                <thead>
                  <tr>
                    <th>
                      Kept Player
                    </th>
                    <th>
                      Original Price
                    </th>
                  </tr>
                </thead>
                <tbody>
                  <tr>
                    <td
                      class=""
                      style="color: rgb(248, 248, 242); background-color: rgb(109, 114, 139);"
                    >
                      Brock Bowers
                    </td>
                    <td
                      class=""
                      style="color: rgb(248, 248, 242); background-color: rgb(109, 114, 139);"
                    >
                      37
                    </td>
                  </tr>
                  <tr>
                    <td
                      class=""
                      style="color: rgb(248, 248, 242); background-color: rgb(109, 114, 139);"
                    >
                      Sam Laporta
                    </td>
                    <td
                      class=""
                      style="color: rgb(248, 248, 242); background-color: rgb(109, 114, 139);"
                    >
                      12
                    </td>
                  </tr>
                </tbody>
              </table>
            </div>
          </div>
        </div>
      </div>
    </div>
  </div>,
  "debug": [Function],
  "findAllByAltText": [Function],
  "findAllByDisplayValue": [Function],
  "findAllByLabelText": [Function],
  "findAllByPlaceholderText": [Function],
  "findAllByRole": [Function],
  "findAllByTestId": [Function],
  "findAllByText": [Function],
  "findAllByTitle": [Function],
  "findByAltText": [Function],
  "findByDisplayValue": [Function],
  "findByLabelText": [Function],
  "findByPlaceholderText": [Function],
  "findByRole": [Function],
  "findByTestId": [Function],
  "findByText": [Function],
  "findByTitle": [Function],
  "getAllByAltText": [Function],
  "getAllByDisplayValue": [Function],
  "getAllByLabelText": [Function],
  "getAllByPlaceholderText": [Function],
  "getAllByRole": [Function],
  "getAllByTestId": [Function],
  "getAllByText": [Function],
  "getAllByTitle": [Function],
  "getByAltText": [Function],
  "getByDisplayValue": [Function],
  "getByLabelText": [Function],
  "getByPlaceholderText": [Function],
  "getByRole": [Function],
  "getByTestId": [Function],
  "getByText": [Function],
  "getByTitle": [Function],
  "queryAllByAltText": [Function],
  "queryAllByDisplayValue": [Function],
  "queryAllByLabelText": [Function],
  "queryAllByPlaceholderText": [Function],
  "queryAllByRole": [Function],
  "queryAllByTestId": [Function],
  "queryAllByText": [Function],
  "queryAllByTitle": [Function],
  "queryByAltText": [Function],
  "queryByDisplayValue": [Function],
  "queryByLabelText": [Function],
  "queryByPlaceholderText": [Function],
  "queryByRole": [Function],
  "queryByTestId": [Function],
  "queryByText": [Function],
  "queryByTitle": [Function],
  "rerender": [Function],
  "unmount": [Function],
}
`;
